<_io.BufferedReader name='./Full_data_lin_term_prod_2025_03_27-06_00_44/mdl.pkl'>
BMS Train -17378.9485908452 -17416.6048453638 37.65625451853691
((_a0_ * B) * (((exp((B * _a2_)) * (_a4_ * B)) ** pow3(B)) + _a6_))
Model summary
Par_values: {'B5': {'_a0_': 1.0, '_a2_': 1.0, '_a4_': 1.0, '_a6_': 1.0}, 'A8': {'_a0_': 0.07267784733453048, '_a2_': 2185.6799930459133, '_a4_': 8.594239782433192e-305, '_a6_': 1.0}, 'G7': {'_a0_': 0.49210110194467105, '_a2_': 83.49470192438383, '_a4_': 5.0207629282972e-32, '_a6_': 0.026898270855081917}, 'A9': {'_a0_': 0.7923204541758584, '_a2_': -1.7359187540808578, '_a4_': 7.033771615163e-312, '_a6_': 0.032584505338534075}, 'F7': {'_a0_': 0.05000218307067974, '_a2_': 2481.9019045501764, '_a4_': 1.695945640177997e-304, '_a6_': 1.0}, 'G8': {'_a0_': 0.06236009691576561, '_a2_': 1387.2116524558483, '_a4_': 2.7861988753487937e-300, '_a6_': 1.0}, 'D12': {'_a0_': 0.042451159549485966, '_a2_': 2692.5153964667193, '_a4_': 1.0139139813809195e-304, '_a6_': 1.0}, 'H12': {'_a0_': 0.7794262604547153, '_a2_': -4.782003797189615, '_a4_': 2.55023145008e-312, '_a6_': 0.028855334392184913}, 'E5': {'_a0_': 0.06967260197135001, '_a2_': 2282.55123747618, '_a4_': 7.207744187378497e-305, '_a6_': 1.0}, 'B9': {'_a0_': 0.13031858087822648, '_a2_': -214.02700843727206, '_a4_': 1.2229812648324476e+42, '_a6_': 0.09599865152435068}, 'C2': {'_a0_': 0.046368892490304514, '_a2_': 2501.0186927150135, '_a4_': 1.2269280929560198e-304, '_a6_': 1.0}, 'D2': {'_a0_': 0.060005052336104835, '_a2_': 2357.8801554839883, '_a4_': 2.0103307627714263e-304, '_a6_': 1.0}, 'E3': {'_a0_': 0.056671018442472604, '_a2_': 2459.8790623336163, '_a4_': 5.198042116583061e-305, '_a6_': 1.0}, 'B6': {'_a0_': 0.05868684562880374, '_a2_': 1553.3580196214766, '_a4_': 5.4101961029992646e-288, '_a6_': 1.0}, 'R.S.6 Alpha-D-Glucose, 0.3%_6': {'_a0_': 1.1392153970317103, '_a2_': 83.05130005861703, '_a4_': 2.853162605950157e-31, '_a6_': -2.825148868998076e-08}, 'R.S.6 D-Salicin, 0.3%_6': {'_a0_': 1.124843792095348, '_a2_': 359.24508627176516, '_a4_': 1.040307023263234e-102, '_a6_': 0.012521956869334999}, 'R.S.6 Glycerol, 0.3%_6': {'_a0_': 0.05672380500031493, '_a2_': 1454.7258148245521, '_a4_': 1.1794189537496768e-291, '_a6_': 1.0}, 'R.S.6 L-Rhamnose, 0.3%_6': {'_a0_': 0.6347029922471316, '_a2_': 1498.1786526294743, '_a4_': 1.4455950417032657e-304, '_a6_': 0.04327950743395879}, 'R.S.6 Alpha-D-Melebiose, 0.3%_6': {'_a0_': 0.05169717784737425, '_a2_': 1677.0040031614608, '_a4_': 3.1673861286327965e-283, '_a6_': 1.0}, 'R.S.6 Myo-Inositol, 0.3%_6': {'_a0_': 0.04178856889314105, '_a2_': -257.4764276573142, '_a4_': 1.666788438768789e+53, '_a6_': 0.11016634351119722}, 'R.S.6 D-Glucosamine, 0.3%_6': {'_a0_': 1.152157916994234, '_a2_': 345.98027885824587, '_a4_': 5.23853857121835e-106, '_a6_': 0.013843944331143474}, 'R.S.6 L-Glutathione, 0.2%_6': {'_a0_': 3.5161002189091537, '_a2_': 1152.7966752817736, '_a4_': 6.74966242819558e-255, '_a6_': 0.0029379823133194715}, 'R.S.6 D-Galactose, 0.3%_6': {'_a0_': 14.585898070789414, '_a2_': -1.0307716429794371, '_a4_': 2.6829554335658257, '_a6_': -0.9660026549111003}, 'R.S.6 L-Histidine, 0.3%_6': {'_a0_': -2.6697951941473823, '_a2_': -1.0171375350976757, '_a4_': 2.8328000606966883, '_a6_': -1.0282830981756446}, 'R.S.6 Thymidine, 0.3%_6': {'_a0_': 0.01847431283791552, '_a2_': -60067.45835977745, '_a4_': 5.687688684929573e-139, '_a6_': 0.9125665680420143}, 'R.S.6 Cytidine, 0.3%_6': {'_a0_': 1.0, '_a2_': 1.0, '_a4_': 1.0, '_a6_': 1.0}, 'R.S.6 D-Mannose, 0.3%_6': {'_a0_': 0.9361875603961273, '_a2_': 284.5501623001457, '_a4_': 5.153715975992157e-96, '_a6_': 0.019553161503557303}, 'R.S.6 Inosine, 0.3%_6': {'_a0_': 0.019224849331468577, '_a2_': -29727.75967137085, '_a4_': 2.0384268797275194e-197, '_a6_': 1.2022582572809968}, 'R.S.6 L-Arabinose, 0.3%_6': {'_a0_': 1.0339264788349503, '_a2_': 309.0755433772431, '_a4_': 2.7708609214663574e-94, '_a6_': 0.015085680014957593}, 'R.S.6 D-Ribose, 0.3%_6': {'_a0_': 1.0, '_a2_': 1.0, '_a4_': 1.0, '_a6_': 1.0}, 'R.S.6 Sodium Pyruvate, 0.3%_6': {'_a0_': 1.0146483249873475, '_a2_': 546.7319994290899, '_a4_': 1.379520021167421e-132, '_a6_': 0.009032024506803933}, 'R.S.6 D-Glucose-6-phosphate, 0.3%_6': {'_a0_': 1.0, '_a2_': 1.0, '_a4_': 1.0, '_a6_': 1.0}, 'R.S.6 Adenosine, 0.2%_6': {'_a0_': 1.0517356667668765, '_a2_': 1383.9666806910664, '_a4_': 7.092878034350868e-308, '_a6_': 0.015079306547575336}, 'R.S.6 Adenine, 0.2%_6': {'_a0_': 0.05896822301414363, '_a2_': 1539.0283176405812, '_a4_': 1.230589779178842e-293, '_a6_': 1.0}, 'Alpha D Lactose_10': {'_a0_': 0.0631461258635392, '_a2_': 2404.085656132823, '_a4_': 1.041458226485664e-304, '_a6_': 1.0}, 'D Galactose_10': {'_a0_': 0.05782120966229432, '_a2_': -364.5710777659638, '_a4_': 1.9877721026161677e+65, '_a6_': -0.28032743417150524}, 'Alpha D Glucose_10': {'_a0_': 0.7689087959453724, '_a2_': -81.66617255605291, '_a4_': 3.774225934146e-312, '_a6_': 0.025396329993198012}, 'Adenine_10': {'_a0_': 0.007085478780398185, '_a2_': -1788.4057829754504, '_a4_': 2.2801049054374946e+292, '_a6_': 2.2050752050690865}, 'D Glucosamine_10': {'_a0_': 0.6001192493236273, '_a2_': -15.429233754603326, '_a4_': 2267.4051208244973, '_a6_': -0.9346417173447241}, 'L Arginine_10': {'_a0_': 1.0, '_a2_': 1.0, '_a4_': 1.0, '_a6_': 1.0}, 'N- acetyl D Glucosamine_10': {'_a0_': 0.787825876604126, '_a2_': -7.415943841402307, '_a4_': 1.253901713016e-311, '_a6_': 0.018794816675556155}, 'D Mannose_10': {'_a0_': 1.706895990248525, '_a2_': -3.999396614483401, '_a4_': 14.842011107450547, '_a6_': -0.9645095130305809}, 'L Arabinose_10': {'_a0_': 1.0, '_a2_': 1.0, '_a4_': 1.0, '_a6_': 1.0}, 'D Xylose_10': {'_a0_': 1.0, '_a2_': 1.0, '_a4_': 1.0, '_a6_': 1.0}, 'Adenosine.1_10': {'_a0_': 0.06151403357193248, '_a2_': 2410.0228433741067, '_a4_': 4.744710984691789e-305, '_a6_': 1.0}, 'Lactate_10': {'_a0_': 6.7656856221913175, '_a2_': -2.0055020638290566, '_a4_': 5.0509527241168435, '_a6_': -0.9836887446943586}, 'R.S.18 D-Serine_18': {'_a0_': 0.06988867755900056, '_a2_': 2194.36272675913, '_a4_': 6.063687280943609e-305, '_a6_': 1.0}, 'R.S.18 Histamine_18': {'_a0_': 0.03956368960508057, '_a2_': -2106.257892266841, '_a4_': 2.4935661280332386e-254, '_a6_': 1.0}, 'R.S.18 Guanidine_18': {'_a0_': 1.0, '_a2_': 1.0, '_a4_': 1.0, '_a6_': 1.0}, 'R.S.18 Sodium Succinate_18': {'_a0_': 14.147621599556846, '_a2_': -1.964183517524387, '_a4_': 5.097918883783018, '_a6_': -0.9913952171757423}, 'R.S.18 L-Glutathione_18': {'_a0_': 0.05294831360384303, '_a2_': 1752.5400990178905, '_a4_': 1.1516577159990043e-278, '_a6_': 1.0}, 'R.S.18 L-Histidine_18': {'_a0_': 1.0, '_a2_': 1.0, '_a4_': 1.0, '_a6_': 1.0}, 'R.S.18 Cytidine_18': {'_a0_': 0.06234091391801782, '_a2_': 2314.2229072236373, '_a4_': 4.3557007045730385e-304, '_a6_': 1.0}, 'R.S.18 Cytosine_18': {'_a0_': 1.0, '_a2_': 1.0, '_a4_': 1.0, '_a6_': 1.0}, 'R.S.18 L-Arginine_18': {'_a0_': 0.06626628152473134, '_a2_': -1169.9435529559246, '_a4_': 1.8216801431670088e-302, '_a6_': 0.5541424118211304}, 'R.S.18 Sodium Pyruvate_18': {'_a0_': 1.0, '_a2_': 1.0, '_a4_': 1.0, '_a6_': 1.0}, 'R.S.18 D-Salicin_18': {'_a0_': 1.0, '_a2_': 1.0, '_a4_': 1.0, '_a6_': 1.0}, 'R.S.18 Adenosine_18': {'_a0_': 0.05590018275919468, '_a2_': 2494.166500135618, '_a4_': 1.0495075344654368e-304, '_a6_': 1.0}, 'R.S.18 Adenosine.1_18': {'_a0_': 0.06795675772788214, '_a2_': 2236.6716764996327, '_a4_': 7.532874375737095e-305, '_a6_': 1.0}, 'R.S.18 D-Fructose_18': {'_a0_': 0.10387616715659544, '_a2_': -99477.32306278439, '_a4_': -7.094269753433444e-187, '_a6_': 1.052135139471707}, 'R.S.19 Glycine.1_19': {'_a0_': 0.027780249358157334, '_a2_': -150.73741456060296, '_a4_': 3.274715356704385e+39, '_a6_': 0.29435004768987366}, 'R.S.19 L-Pyro-Glutamate.1_19': {'_a0_': 0.596454686474008, '_a2_': -3.964371904468408, '_a4_': 24.613233958734288, '_a6_': -0.8339285556117784}, 'R.S.19 Thiourea_19': {'_a0_': 0.4437032012151027, '_a2_': -241.97136051594921, '_a4_': -8.147688678873e-311, '_a6_': 0.10518461656692867}, 'R.S.19 L-Glutathione_19': {'_a0_': 3.154010923531655, '_a2_': -1.6444308357236075, '_a4_': 4.430104087883012, '_a6_': -0.9565776110183557}, 'R.S.19 Histamine_19': {'_a0_': 0.1869470022946385, '_a2_': -13.84784596780187, '_a4_': 20916.452391767707, '_a6_': -0.5685415608371724}, 'R.S.19 L-Arginine_19': {'_a0_': 1.0, '_a2_': 1.0, '_a4_': 1.0, '_a6_': 1.0}}
1.0 1.0
bic: oo
E: oo
EB: oo
EP: 47.300516299633706
Representative: {'B*c1*(c2+(B*c3*exp(B*c4))**(B**3))': ('((_a0_ * B) * (((exp((B * _a2_)) * (_a4_ * B)) ** (B ** 3)) + _a6_))', oo, {'B5': {'_a0_': 1.0, '_a2_': 1.0, '_a4_': 1.0, '_a6_': 1.0}, 'A8': {'_a0_': 0.07267784733453048, '_a2_': 2185.6799930459133, '_a4_': 8.594239782433192e-305, '_a6_': 1.0}, 'G7': {'_a0_': 0.49210110194467105, '_a2_': 83.49470192438383, '_a4_': 5.0207629282972e-32, '_a6_': 0.026898270855081917}, 'A9': {'_a0_': 0.7923204541758584, '_a2_': -1.7359187540808578, '_a4_': 7.033771615163e-312, '_a6_': 0.032584505338534075}, 'F7': {'_a0_': 0.05000218307067974, '_a2_': 2481.9019045501764, '_a4_': 1.695945640177997e-304, '_a6_': 1.0}, 'G8': {'_a0_': 0.06236009691576561, '_a2_': 1387.2116524558483, '_a4_': 2.7861988753487937e-300, '_a6_': 1.0}, 'D12': {'_a0_': 0.042451159549485966, '_a2_': 2692.5153964667193, '_a4_': 1.0139139813809195e-304, '_a6_': 1.0}, 'H12': {'_a0_': 0.7794262604547153, '_a2_': -4.782003797189615, '_a4_': 2.55023145008e-312, '_a6_': 0.028855334392184913}, 'E5': {'_a0_': 0.06967260197135001, '_a2_': 2282.55123747618, '_a4_': 7.207744187378497e-305, '_a6_': 1.0}, 'B9': {'_a0_': 0.13031858087822648, '_a2_': -214.02700843727206, '_a4_': 1.2229812648324476e+42, '_a6_': 0.09599865152435068}, 'C2': {'_a0_': 0.046368892490304514, '_a2_': 2501.0186927150135, '_a4_': 1.2269280929560198e-304, '_a6_': 1.0}, 'D2': {'_a0_': 0.060005052336104835, '_a2_': 2357.8801554839883, '_a4_': 2.0103307627714263e-304, '_a6_': 1.0}, 'E3': {'_a0_': 0.056671018442472604, '_a2_': 2459.8790623336163, '_a4_': 5.198042116583061e-305, '_a6_': 1.0}, 'B6': {'_a0_': 0.05868684562880374, '_a2_': 1553.3580196214766, '_a4_': 5.4101961029992646e-288, '_a6_': 1.0}, 'R.S.6 Alpha-D-Glucose, 0.3%_6': {'_a0_': 1.1392153970317103, '_a2_': 83.05130005861703, '_a4_': 2.853162605950157e-31, '_a6_': -2.825148868998076e-08}, 'R.S.6 D-Salicin, 0.3%_6': {'_a0_': 1.124843792095348, '_a2_': 359.24508627176516, '_a4_': 1.040307023263234e-102, '_a6_': 0.012521956869334999}, 'R.S.6 Glycerol, 0.3%_6': {'_a0_': 0.05672380500031493, '_a2_': 1454.7258148245521, '_a4_': 1.1794189537496768e-291, '_a6_': 1.0}, 'R.S.6 L-Rhamnose, 0.3%_6': {'_a0_': 0.6347029922471316, '_a2_': 1498.1786526294743, '_a4_': 1.4455950417032657e-304, '_a6_': 0.04327950743395879}, 'R.S.6 Alpha-D-Melebiose, 0.3%_6': {'_a0_': 0.05169717784737425, '_a2_': 1677.0040031614608, '_a4_': 3.1673861286327965e-283, '_a6_': 1.0}, 'R.S.6 Myo-Inositol, 0.3%_6': {'_a0_': 0.04178856889314105, '_a2_': -257.4764276573142, '_a4_': 1.666788438768789e+53, '_a6_': 0.11016634351119722}, 'R.S.6 D-Glucosamine, 0.3%_6': {'_a0_': 1.152157916994234, '_a2_': 345.98027885824587, '_a4_': 5.23853857121835e-106, '_a6_': 0.013843944331143474}, 'R.S.6 L-Glutathione, 0.2%_6': {'_a0_': 3.5161002189091537, '_a2_': 1152.7966752817736, '_a4_': 6.74966242819558e-255, '_a6_': 0.0029379823133194715}, 'R.S.6 D-Galactose, 0.3%_6': {'_a0_': 14.585898070789414, '_a2_': -1.0307716429794371, '_a4_': 2.6829554335658257, '_a6_': -0.9660026549111003}, 'R.S.6 L-Histidine, 0.3%_6': {'_a0_': -2.6697951941473823, '_a2_': -1.0171375350976757, '_a4_': 2.8328000606966883, '_a6_': -1.0282830981756446}, 'R.S.6 Thymidine, 0.3%_6': {'_a0_': 0.01847431283791552, '_a2_': -60067.45835977745, '_a4_': 5.687688684929573e-139, '_a6_': 0.9125665680420143}, 'R.S.6 Cytidine, 0.3%_6': {'_a0_': 1.0, '_a2_': 1.0, '_a4_': 1.0, '_a6_': 1.0}, 'R.S.6 D-Mannose, 0.3%_6': {'_a0_': 0.9361875603961273, '_a2_': 284.5501623001457, '_a4_': 5.153715975992157e-96, '_a6_': 0.019553161503557303}, 'R.S.6 Inosine, 0.3%_6': {'_a0_': 0.019224849331468577, '_a2_': -29727.75967137085, '_a4_': 2.0384268797275194e-197, '_a6_': 1.2022582572809968}, 'R.S.6 L-Arabinose, 0.3%_6': {'_a0_': 1.0339264788349503, '_a2_': 309.0755433772431, '_a4_': 2.7708609214663574e-94, '_a6_': 0.015085680014957593}, 'R.S.6 D-Ribose, 0.3%_6': {'_a0_': 1.0, '_a2_': 1.0, '_a4_': 1.0, '_a6_': 1.0}, 'R.S.6 Sodium Pyruvate, 0.3%_6': {'_a0_': 1.0146483249873475, '_a2_': 546.7319994290899, '_a4_': 1.379520021167421e-132, '_a6_': 0.009032024506803933}, 'R.S.6 D-Glucose-6-phosphate, 0.3%_6': {'_a0_': 1.0, '_a2_': 1.0, '_a4_': 1.0, '_a6_': 1.0}, 'R.S.6 Adenosine, 0.2%_6': {'_a0_': 1.0517356667668765, '_a2_': 1383.9666806910664, '_a4_': 7.092878034350868e-308, '_a6_': 0.015079306547575336}, 'R.S.6 Adenine, 0.2%_6': {'_a0_': 0.05896822301414363, '_a2_': 1539.0283176405812, '_a4_': 1.230589779178842e-293, '_a6_': 1.0}, 'Alpha D Lactose_10': {'_a0_': 0.0631461258635392, '_a2_': 2404.085656132823, '_a4_': 1.041458226485664e-304, '_a6_': 1.0}, 'D Galactose_10': {'_a0_': 0.05782120966229432, '_a2_': -364.5710777659638, '_a4_': 1.9877721026161677e+65, '_a6_': -0.28032743417150524}, 'Alpha D Glucose_10': {'_a0_': 0.7689087959453724, '_a2_': -81.66617255605291, '_a4_': 3.774225934146e-312, '_a6_': 0.025396329993198012}, 'Adenine_10': {'_a0_': 0.007085478780398185, '_a2_': -1788.4057829754504, '_a4_': 2.2801049054374946e+292, '_a6_': 2.2050752050690865}, 'D Glucosamine_10': {'_a0_': 0.6001192493236273, '_a2_': -15.429233754603326, '_a4_': 2267.4051208244973, '_a6_': -0.9346417173447241}, 'L Arginine_10': {'_a0_': 1.0, '_a2_': 1.0, '_a4_': 1.0, '_a6_': 1.0}, 'N- acetyl D Glucosamine_10': {'_a0_': 0.787825876604126, '_a2_': -7.415943841402307, '_a4_': 1.253901713016e-311, '_a6_': 0.018794816675556155}, 'D Mannose_10': {'_a0_': 1.706895990248525, '_a2_': -3.999396614483401, '_a4_': 14.842011107450547, '_a6_': -0.9645095130305809}, 'L Arabinose_10': {'_a0_': 1.0, '_a2_': 1.0, '_a4_': 1.0, '_a6_': 1.0}, 'D Xylose_10': {'_a0_': 1.0, '_a2_': 1.0, '_a4_': 1.0, '_a6_': 1.0}, 'Adenosine.1_10': {'_a0_': 0.06151403357193248, '_a2_': 2410.0228433741067, '_a4_': 4.744710984691789e-305, '_a6_': 1.0}, 'Lactate_10': {'_a0_': 6.7656856221913175, '_a2_': -2.0055020638290566, '_a4_': 5.0509527241168435, '_a6_': -0.9836887446943586}, 'R.S.18 D-Serine_18': {'_a0_': 0.06988867755900056, '_a2_': 2194.36272675913, '_a4_': 6.063687280943609e-305, '_a6_': 1.0}, 'R.S.18 Histamine_18': {'_a0_': 0.03956368960508057, '_a2_': -2106.257892266841, '_a4_': 2.4935661280332386e-254, '_a6_': 1.0}, 'R.S.18 Guanidine_18': {'_a0_': 1.0, '_a2_': 1.0, '_a4_': 1.0, '_a6_': 1.0}, 'R.S.18 Sodium Succinate_18': {'_a0_': 14.147621599556846, '_a2_': -1.964183517524387, '_a4_': 5.097918883783018, '_a6_': -0.9913952171757423}, 'R.S.18 L-Glutathione_18': {'_a0_': 0.05294831360384303, '_a2_': 1752.5400990178905, '_a4_': 1.1516577159990043e-278, '_a6_': 1.0}, 'R.S.18 L-Histidine_18': {'_a0_': 1.0, '_a2_': 1.0, '_a4_': 1.0, '_a6_': 1.0}, 'R.S.18 Cytidine_18': {'_a0_': 0.06234091391801782, '_a2_': 2314.2229072236373, '_a4_': 4.3557007045730385e-304, '_a6_': 1.0}, 'R.S.18 Cytosine_18': {'_a0_': 1.0, '_a2_': 1.0, '_a4_': 1.0, '_a6_': 1.0}, 'R.S.18 L-Arginine_18': {'_a0_': 0.06626628152473134, '_a2_': -1169.9435529559246, '_a4_': 1.8216801431670088e-302, '_a6_': 0.5541424118211304}, 'R.S.18 Sodium Pyruvate_18': {'_a0_': 1.0, '_a2_': 1.0, '_a4_': 1.0, '_a6_': 1.0}, 'R.S.18 D-Salicin_18': {'_a0_': 1.0, '_a2_': 1.0, '_a4_': 1.0, '_a6_': 1.0}, 'R.S.18 Adenosine_18': {'_a0_': 0.05590018275919468, '_a2_': 2494.166500135618, '_a4_': 1.0495075344654368e-304, '_a6_': 1.0}, 'R.S.18 Adenosine.1_18': {'_a0_': 0.06795675772788214, '_a2_': 2236.6716764996327, '_a4_': 7.532874375737095e-305, '_a6_': 1.0}, 'R.S.18 D-Fructose_18': {'_a0_': 0.10387616715659544, '_a2_': -99477.32306278439, '_a4_': -7.094269753433444e-187, '_a6_': 1.052135139471707}, 'R.S.19 Glycine.1_19': {'_a0_': 0.027780249358157334, '_a2_': -150.73741456060296, '_a4_': 3.274715356704385e+39, '_a6_': 0.29435004768987366}, 'R.S.19 L-Pyro-Glutamate.1_19': {'_a0_': 0.596454686474008, '_a2_': -3.964371904468408, '_a4_': 24.613233958734288, '_a6_': -0.8339285556117784}, 'R.S.19 Thiourea_19': {'_a0_': 0.4437032012151027, '_a2_': -241.97136051594921, '_a4_': -8.147688678873e-311, '_a6_': 0.10518461656692867}, 'R.S.19 L-Glutathione_19': {'_a0_': 3.154010923531655, '_a2_': -1.6444308357236075, '_a4_': 4.430104087883012, '_a6_': -0.9565776110183557}, 'R.S.19 Histamine_19': {'_a0_': 0.1869470022946385, '_a2_': -13.84784596780187, '_a4_': 20916.452391767707, '_a6_': -0.5685415608371724}, 'R.S.19 L-Arginine_19': {'_a0_': 1.0, '_a2_': 1.0, '_a4_': 1.0, '_a6_': 1.0}})}
Variables: ['B']
Parameters: ['_a0_', '_a2_', '_a4_', '_a6_']
New Train (recovered pars) oo oo 47.300516299633706
oo
types oo <class 'sympy.core.numbers.Infinity'>
inf
((_a0_ * B) * (((exp((B * _a2_)) * (_a4_ * B)) ** (B ** 3)) + _a6_))
Fit from fit 0.004608501597999818 0.0004337330463427269
Fit from par 0.004608501597147093 0.0004328183442951772
Fit from fit 0.0024331955320239136 0.0025467901604255966
Fit from par 0.002433195527321693 0.0025458413407676156
Fit from fit 0.002920391123518746 0.0006800654390893834
Fit from par 0.0029203911233298494 0.0006783993457481624
Fit from fit 0.003676253110149423 -0.0018853918636521638
Fit from par 0.003676253110211035 -0.00188562294318749
Fit from fit 0.005957020484263605 0.0027188333535645842
Fit from par 0.005957020492341052 0.002718953688416542
Fit from fit 0.00560137348231962 -0.009782052795932888
Fit from par 0.0056013737592246 -0.009827474547527804
Fit from fit 0.0060250130073489375 -0.0046782772249604615
Fit from par 0.006025013007987884 -0.004679305178353285
Fit from fit 0.04055115401043908 -0.03656984057418905
Fit from par 0.02994666552511598 -0.0005660324482349433
Fit from fit 0.014712592124350716 -0.00509848729497657
Fit from par 0.01471259211189592 -0.0050959058443275085
Fit from fit 0.021944874729473096 -0.057602339092388335
Fit from par 0.021944875778886937 -0.05760933056060165
Fit from fit 0.01398500489905835 -0.005537653167734802
Fit from par 0.013985004915386014 -0.005543410114031033
Fit from fit 0.04562625256955871 -0.04720750605054218
Fit from par 0.04562625258451014 -0.0472075151910971
Fit from fit 0.026707254360984912 -0.054551510515435844
Fit from par 0.0267072540613362 -0.05455149984521668
Fit from fit 0.009640816645481092 -0.03918599818432694
Fit from par 0.00964081649418441 -0.03918537344410461
Fit from fit 0.014578422095550528 -0.00846204446062368
Fit from par 0.014578421842789116 -0.008471922421577238
Fit from fit 0.0065928465417389465 0.0002788865428947629
Fit from par 0.006592846270414311 0.00028170184159523326
Fit from fit 0.003015690000569222 0.00042209233519563405
Fit from par 0.003015690000148831 0.0004230584861600051
Fit from fit 0.014112188650603295 -0.007962355124360207
Fit from par 0.014112188610992596 -0.00794967092019798
Fit from fit 0.0029719999491846735 -0.0008586883771449505
Fit from par 0.00297199994917924 -0.0008585538113714541
Fit from fit 0.0011105857343406513 -0.0008587196785674323
Fit from par 0.0011105857343499494 -0.000858815588064582
Fit from fit 0.002526685763342484 0.00013733521570635787
Fit from par 0.00252668576337559 0.00013671623282826562
Fit from fit 0.00206645523638774 -0.00023065136842356782
Fit from par 0.0020664552357691156 -0.00023070180025214215
Fit from fit 0.010381681256054558 -0.0052591757485471735
Fit from par 0.010381681255942523 -0.005259212732848406
Fit from fit 0.019017326814448968 0.0021557745059720412
Fit from par 0.019017326809649484 0.002155883610053172
Fit from fit 0.007568898848433025 0.001940881978503034
Fit from par 0.007568898835333895 0.0019408354674490813
Fit from fit 0.016153686623972832 -0.003790366934975614
Fit from par 0.01615368654947257 -0.0037885871754698153
Fit from fit 0.007586957104452986 8.901645320130713e-05
Fit from par 0.007586957105264162 8.860449452971486e-05
Fit from fit 0.0011687114488248892 0.00011244789165734681
Fit from par 0.0011687114487719187 0.0001126947999706418
Fit from fit 0.003063055965529465 -3.395857419313808e-05
Fit from par 0.0030630559620928957 -2.98950245025964e-05
Fit from fit 0.0012797701825444392 -0.0011239537400783983
Fit from par 0.0012797701797202885 -0.0011235124396581087
R.S.6 Sodium Pyruvate, 0.3%_6
Get SSE, fit 2 error(x0) Optimal parameters not found: Number of calls to function has reached maxfev = 100000.
[0.15827, 0.5082771613015674, 165.0697189090171, 2.65813248951912e-51, -0.01220732426526137]
[0.15827, 0.2425221192473244, -126.75401357873368, 1.0, 0.018303180289086035]
Traceback (most recent call last):
  File "/export/home/shared/Projects/IntegralBMS/Integral_BMS_Governing_Equations/Bacteria/rguimera-machine-scientist-constrained/mcmc_ode.py", line 782, in get_sse
    res_fit = curve_fit(
  File "/usr/local/lib/python3.10/dist-packages/scipy/optimize/_minpack_py.py", line 1019, in curve_fit
    raise RuntimeError("Optimal parameters not found: " + errmsg)
RuntimeError: Optimal parameters not found: Number of calls to function has reached maxfev = 100000.

R.S.6 Sodium Pyruvate, 0.3%_6
Get SSE, fit 2 error(no x0) Optimal parameters not found: Number of calls to function has reached maxfev = 50000.
Par values [0.2425221192473244, -126.75401357873368, 1.0, 0.018303180289086035]
Par values (fit) (array([ 5.08277161e-01,  1.65069719e+02,  2.65813249e-51, -1.22073243e-02]), array([[ 5.16596433e-03,  8.81324107e+00, -6.02097288e-51,
        -3.19774105e-03],
       [ 8.81324107e+00,  1.57688052e+04, -1.06150690e-47,
        -5.83028071e+00],
       [-6.02097288e-51, -1.06150690e-47,  7.21723737e-99,
         3.86740248e-51],
       [-3.19774105e-03, -5.83028071e+00,  3.86740248e-51,
         2.20531670e-03]]))
Traceback (most recent call last):
  File "/export/home/shared/Projects/IntegralBMS/Integral_BMS_Governing_Equations/Bacteria/rguimera-machine-scientist-constrained/mcmc_ode.py", line 782, in get_sse
    res_fit = curve_fit(
  File "/usr/local/lib/python3.10/dist-packages/scipy/optimize/_minpack_py.py", line 1019, in curve_fit
    raise RuntimeError("Optimal parameters not found: " + errmsg)
RuntimeError: Optimal parameters not found: Number of calls to function has reached maxfev = 100000.

During handling of the above exception, another exception occurred:

Traceback (most recent call last):
  File "/export/home/shared/Projects/IntegralBMS/Integral_BMS_Governing_Equations/Bacteria/rguimera-machine-scientist-constrained/mcmc_ode.py", line 876, in get_sse
    res_noffset = curve_fit(
  File "/usr/local/lib/python3.10/dist-packages/scipy/optimize/_minpack_py.py", line 1019, in curve_fit
    raise RuntimeError("Optimal parameters not found: " + errmsg)
RuntimeError: Optimal parameters not found: Number of calls to function has reached maxfev = 50000.

Setting deriv fit params {'_a0_': 0.5082771613015674, '_a2_': 165.0697189090171, '_a6_': -0.01220732426526137, '_a1_': 1.0, '_a3_': 1.0, '_a4_': 2.65813248951912e-51, '_a5_': 1.0, '_a7_': 1.0}
